Starting Proxy Server for testing...

[*] Proxy server listening on 127.0.0.1:8889
[*] Logs are hidden. Type 'monitor' to see them.
[*] Type 'help' for available commands.
Proxy> 
[Test 1] Testing Allowed Request (http://example.org)...
FAIL: Allowed request failed with error: <urlopen error [WinError 10061] No se puede establecer una conexi¾n ya que el equipo de destino deneg¾ expresamente dicha conexi¾n>

[Test 2] Testing Blocked Request (http://blocked-site.com)...
FAIL: Blocked request failed with unexpected error: <urlopen error [WinError 10061] No se puede establecer una conexi¾n ya que el equipo de destino deneg¾ expresamente dicha conexi¾n>

[Test 3] Verifying Logs...
FAIL: No log subdirectories found.

Stopping Server...
